// Jest Snapshot v1, https://goo.gl/fbAQLP

exports[`Border - Border Width divide-x 1`] = `
<View
  style={
    [
      {
        "borderBottomWidth": 1,
        "borderLeftWidth": 1,
        "borderRightWidth": 1,
        "borderTopWidth": 1,
      },
    ]
  }
>
  <Text>
    A
  </Text>
</View>
`;
