// Jest Snapshot v1, https://goo.gl/fbAQLP

exports[`Flexbox & Grid - Gap gap-0 1`] = `
<View
  style={
    Array [
      Object {
        "marginLeft": 0,
        "marginTop": 0,
      },
    ]
  }
>
  <Text
    style={
      Array [
        Object {
          "marginLeft": 0,
          "marginTop": 0,
        },
      ]
    }
  >
    A
  </Text>
  <Text
    style={
      Array [
        Object {
          "marginLeft": 0,
          "marginTop": 0,
        },
      ]
    }
  >
    B
  </Text>
</View>
`;
