// Jest Snapshot v1, https://goo.gl/fbAQLP

exports[`transforms transforms 1`] = `
<View>
  <Text
    style={
      [
        {
          "fontWeight": "700",
        },
        {
          "transform": [
            {
              "rotate": "45deg",
            },
            {
              "translateY": 0,
            },
            {
              "translateX": 1,
            },
          ],
        },
      ]
    }
  >
    Test
  </Text>
</View>
`;
