// Jest Snapshot v1, https://goo.gl/fbAQLP

exports[`Custom - Parent Variant Snapshots parent:text-white 1`] = `
<View>
  <Text
    style={
      [
        {
          "color": "#fff",
        },
      ]
    }
  >
    A
  </Text>
  <Text
    style={
      [
        {
          "color": "#fff",
        },
      ]
    }
  >
    B
  </Text>
</View>
`;
